 Image hardwareless-robotics:jazzy-harmonic Building 
 Image hardwareless-robotics:jazzy-harmonic-desktop Building 
#1 [internal] load local bake definitions
#1 reading from stdin 1.29kB done
#1 DONE 0.0s

#2 [desktop internal] load build definition from Dockerfile
#2 transferring dockerfile: 1.31kB 0.0s done
#2 DONE 0.0s

#3 [robotics internal] load metadata for docker.io/library/ros:jazzy-ros-base-noble@sha256:c3706ef0a0aa45413c07803cf433602f543b22e45b4855f6fca955c2d8ecc4e8
#3 DONE 0.0s

#4 [desktop internal] load .dockerignore
#4 transferring context: 145B done
#4 DONE 0.0s

#5 [desktop internal] load build context
#5 DONE 0.0s

#6 [desktop robotics 1/6] FROM docker.io/library/ros:jazzy-ros-base-noble@sha256:c3706ef0a0aa45413c07803cf433602f543b22e45b4855f6fca955c2d8ecc4e8
#6 resolve docker.io/library/ros:jazzy-ros-base-noble@sha256:c3706ef0a0aa45413c07803cf433602f543b22e45b4855f6fca955c2d8ecc4e8 0.1s done
#6 resolve docker.io/library/ros:jazzy-ros-base-noble@sha256:c3706ef0a0aa45413c07803cf433602f543b22e45b4855f6fca955c2d8ecc4e8 0.1s done
#6 DONE 0.1s

#7 [robotics robotics 2/6] RUN apt-get update && apt-get install -y --no-install-recommends     ros-jazzy-ros-gz     ros-jazzy-rviz2     ros-jazzy-xacro     ros-jazzy-robot-state-publisher     ros-jazzy-teleop-twist-keyboard     && dpkg-query -W > /opt/installed-packages.tsv     && rm -rf /var/lib/apt/lists/*
#7 CACHED

#5 [desktop internal] load build context
#5 transferring context: 2.12kB 0.0s done
#5 DONE 0.0s

#8 [desktop robotics 3/6] COPY src/rover_interfaces /opt/rover_interfaces/src/rover_interfaces
#8 DONE 0.0s

#9 [desktop robotics 4/6] RUN source /opt/ros/jazzy/setup.bash && cd /opt/rover_interfaces && colcon build --event-handlers console_direct+
#9 1.634 Starting >>> rover_interfaces
#9 2.011 -- The C compiler identification is GNU 13.3.0
#9 2.189 -- The CXX compiler identification is GNU 13.3.0
#9 2.228 -- Detecting C compiler ABI info
#9 2.348 -- Detecting C compiler ABI info - done
#9 2.357 -- Check for working C compiler: /usr/bin/cc - skipped
#9 2.358 -- Detecting C compile features
#9 2.359 -- Detecting C compile features - done
#9 2.370 -- Detecting CXX compiler ABI info
#9 2.469 -- Detecting CXX compiler ABI info - done
#9 2.477 -- Check for working CXX compiler: /usr/bin/c++ - skipped
#9 2.477 -- Detecting CXX compile features
#9 2.478 -- Detecting CXX compile features - done
#9 2.497 -- Found ament_cmake: 2.5.6 (/opt/ros/jazzy/share/ament_cmake/cmake)
#9 2.749 -- Found Python3: /usr/bin/python3 (found version "3.12.3") found components: Interpreter 
#9 3.005 -- Found rosidl_default_generators: 1.6.1 (/opt/ros/jazzy/share/rosidl_default_generators/cmake)
#9 3.026 -- Using all available rosidl_typesupport_c: rosidl_typesupport_fastrtps_c;rosidl_typesupport_introspection_c
#9 3.182 -- Using all available rosidl_typesupport_cpp: rosidl_typesupport_fastrtps_cpp;rosidl_typesupport_introspection_cpp
#9 3.284 -- Found rosidl_adapter: 4.6.9 (/opt/ros/jazzy/share/rosidl_adapter/cmake)
#9 3.292 -- Found std_msgs: 5.3.8 (/opt/ros/jazzy/share/std_msgs/cmake)
#9 4.319 -- Found ament_cmake_ros: 0.12.1 (/opt/ros/jazzy/share/ament_cmake_ros/cmake)
#9 5.018 -- Using all available rosidl_typesupport_c: rosidl_typesupport_fastrtps_c;rosidl_typesupport_introspection_c
#9 5.781 -- Using all available rosidl_typesupport_cpp: rosidl_typesupport_fastrtps_cpp;rosidl_typesupport_introspection_cpp
#9 5.788 -- Found python_cmake_module: 0.11.1 (/opt/ros/jazzy/share/python_cmake_module/cmake)
#9 5.992 -- Found PythonExtra: /usr/bin/python3  
#9 6.879 -- Found Python3: /usr/bin/python3 (found version "3.12.3") found components: Interpreter Development NumPy Development.Module Development.Embed 
#9 7.074 -- Found Python3: /usr/bin/python3 (found version "3.12.3") found components: Interpreter 
#9 7.111 -- Configuring done (5.3s)
#9 7.203 -- Generating done (0.1s)
#9 7.225 -- Build files have been written to: /opt/rover_interfaces/build/rover_interfaces
#9 7.321 [  2%] Generating type hashes for ROS interfaces
#9 7.671 [  2%] Built target rover_interfaces__rosidl_generator_type_description
#9 7.717 [  2%] Built target ament_cmake_python_copy_rover_interfaces
#9 7.743 [  5%] Generating C++ code for ROS interfaces
#9 8.170 [  5%] Built target rover_interfaces__cpp
#9 8.332 running egg_info
#9 8.332 creating rover_interfaces.egg-info
#9 8.343 writing rover_interfaces.egg-info/PKG-INFO
#9 8.343 writing dependency_links to rover_interfaces.egg-info/dependency_links.txt
#9 8.343 writing top-level names to rover_interfaces.egg-info/top_level.txt
#9 8.343 writing manifest file 'rover_interfaces.egg-info/SOURCES.txt'
#9 8.371 reading manifest file 'rover_interfaces.egg-info/SOURCES.txt'
#9 8.371 writing manifest file 'rover_interfaces.egg-info/SOURCES.txt'
#9 8.400 [  5%] Built target ament_cmake_python_build_rover_interfaces_egg
#9 8.417 [  8%] Generating C code for ROS interfaces
#9 8.856 [ 11%] Building C object CMakeFiles/rover_interfaces__rosidl_generator_c.dir/rosidl_generator_c/rover_interfaces/msg/detail/wheel_encoders__description.c.o
#9 8.954 [ 14%] Building C object CMakeFiles/rover_interfaces__rosidl_generator_c.dir/rosidl_generator_c/rover_interfaces/msg/detail/wheel_encoders__type_support.c.o
#9 8.993 [ 17%] Building C object CMakeFiles/rover_interfaces__rosidl_generator_c.dir/rosidl_generator_c/rover_interfaces/msg/detail/wheel_encoders__functions.c.o
#9 9.067 [ 20%] Linking C shared library librover_interfaces__rosidl_generator_c.so
#9 9.109 [ 20%] Built target rover_interfaces__rosidl_generator_c
#9 9.129 [ 22%] Generating Rust code for ROS interfaces
#9 9.613 [ 22%] Built target rover_interfaces__rs
#9 9.625 [ 25%] Generating C type support for eProsima Fast-RTPS
#9 9.975 [ 28%] Building CXX object CMakeFiles/rover_interfaces__rosidl_typesupport_fastrtps_c.dir/rosidl_typesupport_fastrtps_c/rover_interfaces/msg/detail/wheel_encoders__type_support_c.cpp.o
#9 11.45 [ 31%] Linking CXX shared library librover_interfaces__rosidl_typesupport_fastrtps_c.so
#9 11.55 [ 31%] Built target rover_interfaces__rosidl_typesupport_fastrtps_c
#9 11.56 [ 34%] Generating C++ type support dispatch for ROS interfaces
#9 11.91 [ 37%] Building CXX object CMakeFiles/rover_interfaces__rosidl_typesupport_cpp.dir/rosidl_typesupport_cpp/rover_interfaces/msg/wheel_encoders__type_support.cpp.o
#9 12.27 [ 40%] Linking CXX shared library librover_interfaces__rosidl_typesupport_cpp.so
#9 12.31 [ 40%] Built target rover_interfaces__rosidl_typesupport_cpp
#9 12.32 [ 42%] Generating C++ introspection for ROS interfaces
#9 12.58 [ 45%] Building CXX object CMakeFiles/rover_interfaces__rosidl_typesupport_introspection_cpp.dir/rosidl_typesupport_introspection_cpp/rover_interfaces/msg/detail/wheel_encoders__type_support.cpp.o
#9 12.84 [ 48%] Linking CXX shared library librover_interfaces__rosidl_typesupport_introspection_cpp.so
#9 12.90 [ 48%] Built target rover_interfaces__rosidl_typesupport_introspection_cpp
#9 12.91 [ 51%] Generating C++ type support for eProsima Fast-RTPS
#9 13.44 [ 54%] Building CXX object CMakeFiles/rover_interfaces__rosidl_typesupport_fastrtps_cpp.dir/rosidl_typesupport_fastrtps_cpp/rover_interfaces/msg/detail/dds_fastrtps/wheel_encoders__type_support.cpp.o
#9 14.20 [ 57%] Linking CXX shared library librover_interfaces__rosidl_typesupport_fastrtps_cpp.so
#9 14.27 [ 57%] Built target rover_interfaces__rosidl_typesupport_fastrtps_cpp
#9 14.28 [ 60%] Generating C type support dispatch for ROS interfaces
#9 14.55 [ 62%] Building CXX object CMakeFiles/rover_interfaces__rosidl_typesupport_c.dir/rosidl_typesupport_c/rover_interfaces/msg/wheel_encoders__type_support.cpp.o
#9 14.65 [ 65%] Linking CXX shared library librover_interfaces__rosidl_typesupport_c.so
#9 14.76 [ 65%] Built target rover_interfaces__rosidl_typesupport_c
#9 14.77 [ 68%] Generating C introspection for ROS interfaces
#9 15.06 [ 71%] Building C object CMakeFiles/rover_interfaces__rosidl_typesupport_introspection_c.dir/rosidl_typesupport_introspection_c/rover_interfaces/msg/detail/wheel_encoders__type_support.c.o
#9 15.16 [ 74%] Linking C shared library librover_interfaces__rosidl_typesupport_introspection_c.so
#9 15.21 [ 74%] Built target rover_interfaces__rosidl_typesupport_introspection_c
#9 15.24 [ 74%] Built target rover_interfaces
#9 15.27 [ 77%] Generating Python code for ROS interfaces
#9 15.64 [ 77%] Built target rover_interfaces__py
#9 15.70 [ 80%] Building C object CMakeFiles/rover_interfaces__rosidl_generator_py.dir/rosidl_generator_py/rover_interfaces/msg/_wheel_encoders_s.c.o
#9 15.99 [ 82%] Linking C shared library librover_interfaces__rosidl_generator_py.so
#9 16.04 [ 82%] Built target rover_interfaces__rosidl_generator_py
#9 16.06 [ 85%] Building C object CMakeFiles/rover_interfaces_s__rosidl_typesupport_fastrtps_c.dir/rosidl_generator_py/rover_interfaces/_rover_interfaces_s.ep.rosidl_typesupport_fastrtps_c.c.o
#9 16.14 [ 88%] Linking C shared module rosidl_generator_py/rover_interfaces/rover_interfaces_s__rosidl_typesupport_fastrtps_c.so
#9 16.17 [ 88%] Built target rover_interfaces_s__rosidl_typesupport_fastrtps_c
#9 16.19 [ 91%] Building C object CMakeFiles/rover_interfaces_s__rosidl_typesupport_c.dir/rosidl_generator_py/rover_interfaces/_rover_interfaces_s.ep.rosidl_typesupport_c.c.o
#9 16.27 [ 94%] Linking C shared module rosidl_generator_py/rover_interfaces/rover_interfaces_s__rosidl_typesupport_c.so
#9 16.29 [ 94%] Built target rover_interfaces_s__rosidl_typesupport_c
#9 16.31 [ 97%] Building C object CMakeFiles/rover_interfaces_s__rosidl_typesupport_introspection_c.dir/rosidl_generator_py/rover_interfaces/_rover_interfaces_s.ep.rosidl_typesupport_introspection_c.c.o
#9 16.39 [100%] Linking C shared module rosidl_generator_py/rover_interfaces/rover_interfaces_s__rosidl_typesupport_introspection_c.so
#9 16.42 [100%] Built target rover_interfaces_s__rosidl_typesupport_introspection_c
#9 16.45 -- Install configuration: ""
#9 16.46 -- Installing: /opt/rover_interfaces/install/rover_interfaces/share/ament_index/resource_index/rosidl_interfaces/rover_interfaces
#9 16.46 -- Installing: /opt/rover_interfaces/install/rover_interfaces/share/rover_interfaces/msg/WheelEncoders.json
#9 16.46 -- Installing: /opt/rover_interfaces/install/rover_interfaces/include/rover_interfaces/rover_interfaces
#9 16.46 -- Installing: /opt/rover_interfaces/install/rover_interfaces/include/rover_interfaces/rover_interfaces/msg
#9 16.46 -- Installing: /opt/rover_interfaces/install/rover_interfaces/include/rover_interfaces/rover_interfaces/msg/wheel_encoders.h
#9 16.46 -- Installing: /opt/rover_interfaces/install/rover_interfaces/include/rover_interfaces/rover_interfaces/msg/detail
#9 16.46 -- Installing: /opt/rover_interfaces/install/rover_interfaces/include/rover_interfaces/rover_interfaces/msg/detail/wheel_encoders__functions.h
#9 16.46 -- Installing: /opt/rover_interfaces/install/rover_interfaces/include/rover_interfaces/rover_interfaces/msg/detail/wheel_encoders__type_support.h
#9 16.46 -- Installing: /opt/rover_interfaces/install/rover_interfaces/include/rover_interfaces/rover_interfaces/msg/detail/wheel_encoders__functions.c
#9 16.46 -- Installing: /opt/rover_interfaces/install/rover_interfaces/include/rover_interfaces/rover_interfaces/msg/detail/wheel_encoders__struct.h
#9 16.46 -- Installing: /opt/rover_interfaces/install/rover_interfaces/include/rover_interfaces/rover_interfaces/msg/detail/wheel_encoders__type_support.c
#9 16.46 -- Installing: /opt/rover_interfaces/install/rover_interfaces/include/rover_interfaces/rover_interfaces/msg/detail/wheel_encoders__description.c
#9 16.46 -- Installing: /opt/rover_interfaces/install/rover_interfaces/include/rover_interfaces/rover_interfaces/msg/rosidl_generator_c__visibility_control.h
#9 16.46 -- Installing: /opt/rover_interfaces/install/rover_interfaces/share/rover_interfaces/environment/library_path.sh
#9 16.46 -- Installing: /opt/rover_interfaces/install/rover_interfaces/share/rover_interfaces/environment/library_path.dsv
#9 16.46 -- Installing: /opt/rover_interfaces/install/rover_interfaces/lib/librover_interfaces__rosidl_generator_c.so
#9 16.46 -- Set non-toolchain portion of runtime path of "/opt/rover_interfaces/install/rover_interfaces/lib/librover_interfaces__rosidl_generator_c.so" to ""
#9 16.46 -- Up-to-date: /opt/rover_interfaces/install/rover_interfaces/include/rover_interfaces/rover_interfaces
#9 16.46 -- Up-to-date: /opt/rover_interfaces/install/rover_interfaces/include/rover_interfaces/rover_interfaces/msg
#9 16.46 -- Up-to-date: /opt/rover_interfaces/install/rover_interfaces/include/rover_interfaces/rover_interfaces/msg/detail
#9 16.46 -- Installing: /opt/rover_interfaces/install/rover_interfaces/include/rover_interfaces/rover_interfaces/msg/detail/wheel_encoders__rosidl_typesupport_fastrtps_c.h
#9 16.46 -- Installing: /opt/rover_interfaces/install/rover_interfaces/include/rover_interfaces/rover_interfaces/msg/rosidl_typesupport_fastrtps_c__visibility_control.h
#9 16.46 -- Installing: /opt/rover_interfaces/install/rover_interfaces/lib/librover_interfaces__rosidl_typesupport_fastrtps_c.so
#9 16.46 -- Set non-toolchain portion of runtime path of "/opt/rover_interfaces/install/rover_interfaces/lib/librover_interfaces__rosidl_typesupport_fastrtps_c.so" to ""
#9 16.46 -- Up-to-date: /opt/rover_interfaces/install/rover_interfaces/include/rover_interfaces/rover_interfaces
#9 16.46 -- Up-to-date: /opt/rover_interfaces/install/rover_interfaces/include/rover_interfaces/rover_interfaces/msg
#9 16.46 -- Up-to-date: /opt/rover_interfaces/install/rover_interfaces/include/rover_interfaces/rover_interfaces/msg/detail
#9 16.46 -- Installing: /opt/rover_interfaces/install/rover_interfaces/include/rover_interfaces/rover_interfaces/msg/detail/wheel_encoders__rosidl_typesupport_introspection_c.h
#9 16.46 -- Installing: /opt/rover_interfaces/install/rover_interfaces/include/rover_interfaces/rover_interfaces/msg/detail/wheel_encoders__type_support.c
#9 16.46 -- Installing: /opt/rover_interfaces/install/rover_interfaces/include/rover_interfaces/rover_interfaces/msg/rosidl_typesupport_introspection_c__visibility_control.h
#9 16.46 -- Installing: /opt/rover_interfaces/install/rover_interfaces/lib/librover_interfaces__rosidl_typesupport_introspection_c.so
#9 16.46 -- Set non-toolchain portion of runtime path of "/opt/rover_interfaces/install/rover_interfaces/lib/librover_interfaces__rosidl_typesupport_introspection_c.so" to ""
#9 16.46 -- Installing: /opt/rover_interfaces/install/rover_interfaces/lib/librover_interfaces__rosidl_typesupport_c.so
#9 16.46 -- Set non-toolchain portion of runtime path of "/opt/rover_interfaces/install/rover_interfaces/lib/librover_interfaces__rosidl_typesupport_c.so" to ""
#9 16.46 -- Up-to-date: /opt/rover_interfaces/install/rover_interfaces/include/rover_interfaces/rover_interfaces
#9 16.46 -- Up-to-date: /opt/rover_interfaces/install/rover_interfaces/include/rover_interfaces/rover_interfaces/msg
#9 16.46 -- Up-to-date: /opt/rover_interfaces/install/rover_interfaces/include/rover_interfaces/rover_interfaces/msg/detail
#9 16.47 -- Installing: /opt/rover_interfaces/install/rover_interfaces/include/rover_interfaces/rover_interfaces/msg/detail/wheel_encoders__struct.hpp
#9 16.47 -- Installing: /opt/rover_interfaces/install/rover_interfaces/include/rover_interfaces/rover_interfaces/msg/detail/wheel_encoders__type_support.hpp
#9 16.47 -- Installing: /opt/rover_interfaces/install/rover_interfaces/include/rover_interfaces/rover_interfaces/msg/detail/wheel_encoders__traits.hpp
#9 16.47 -- Installing: /opt/rover_interfaces/install/rover_interfaces/include/rover_interfaces/rover_interfaces/msg/detail/wheel_encoders__builder.hpp
#9 16.47 -- Installing: /opt/rover_interfaces/install/rover_interfaces/include/rover_interfaces/rover_interfaces/msg/wheel_encoders.hpp
#9 16.47 -- Installing: /opt/rover_interfaces/install/rover_interfaces/include/rover_interfaces/rover_interfaces/msg/rosidl_generator_cpp__visibility_control.hpp
#9 16.47 -- Up-to-date: /opt/rover_interfaces/install/rover_interfaces/include/rover_interfaces/rover_interfaces
#9 16.47 -- Up-to-date: /opt/rover_interfaces/install/rover_interfaces/include/rover_interfaces/rover_interfaces/msg
#9 16.47 -- Installing: /opt/rover_interfaces/install/rover_interfaces/include/rover_interfaces/rover_interfaces/msg/rosidl_typesupport_fastrtps_cpp__visibility_control.h
#9 16.47 -- Up-to-date: /opt/rover_interfaces/install/rover_interfaces/include/rover_interfaces/rover_interfaces/msg/detail
#9 16.47 -- Installing: /opt/rover_interfaces/install/rover_interfaces/include/rover_interfaces/rover_interfaces/msg/detail/wheel_encoders__rosidl_typesupport_fastrtps_cpp.hpp
#9 16.47 -- Installing: /opt/rover_interfaces/install/rover_interfaces/include/rover_interfaces/rover_interfaces/msg/detail/dds_fastrtps
#9 16.48 -- Installing: /opt/rover_interfaces/install/rover_interfaces/lib/librover_interfaces__rosidl_typesupport_fastrtps_cpp.so
#9 16.48 -- Set non-toolchain portion of runtime path of "/opt/rover_interfaces/install/rover_interfaces/lib/librover_interfaces__rosidl_typesupport_fastrtps_cpp.so" to ""
#9 16.48 -- Up-to-date: /opt/rover_interfaces/install/rover_interfaces/include/rover_interfaces/rover_interfaces
#9 16.48 -- Up-to-date: /opt/rover_interfaces/install/rover_interfaces/include/rover_interfaces/rover_interfaces/msg
#9 16.48 -- Up-to-date: /opt/rover_interfaces/install/rover_interfaces/include/rover_interfaces/rover_interfaces/msg/detail
#9 16.48 -- Installing: /opt/rover_interfaces/install/rover_interfaces/include/rover_interfaces/rover_interfaces/msg/detail/wheel_encoders__rosidl_typesupport_introspection_cpp.hpp
#9 16.48 -- Installing: /opt/rover_interfaces/install/rover_interfaces/include/rover_interfaces/rover_interfaces/msg/detail/wheel_encoders__type_support.cpp
#9 16.48 -- Installing: /opt/rover_interfaces/install/rover_interfaces/lib/librover_interfaces__rosidl_typesupport_introspection_cpp.so
#9 16.48 -- Set non-toolchain portion of runtime path of "/opt/rover_interfaces/install/rover_interfaces/lib/librover_interfaces__rosidl_typesupport_introspection_cpp.so" to ""
#9 16.48 -- Installing: /opt/rover_interfaces/install/rover_interfaces/lib/librover_interfaces__rosidl_typesupport_cpp.so
#9 16.48 -- Set non-toolchain portion of runtime path of "/opt/rover_interfaces/install/rover_interfaces/lib/librover_interfaces__rosidl_typesupport_cpp.so" to ""
#9 16.48 -- Installing: /opt/rover_interfaces/install/rover_interfaces/share/rover_interfaces/environment/pythonpath.sh
#9 16.48 -- Installing: /opt/rover_interfaces/install/rover_interfaces/share/rover_interfaces/environment/pythonpath.dsv
#9 16.48 -- Installing: /opt/rover_interfaces/install/rover_interfaces/lib/python3.12/site-packages/rover_interfaces-0.1.0-py3.12.egg-info
#9 16.48 -- Installing: /opt/rover_interfaces/install/rover_interfaces/lib/python3.12/site-packages/rover_interfaces-0.1.0-py3.12.egg-info/top_level.txt
#9 16.48 -- Installing: /opt/rover_interfaces/install/rover_interfaces/lib/python3.12/site-packages/rover_interfaces-0.1.0-py3.12.egg-info/SOURCES.txt
#9 16.48 -- Installing: /opt/rover_interfaces/install/rover_interfaces/lib/python3.12/site-packages/rover_interfaces-0.1.0-py3.12.egg-info/PKG-INFO
#9 16.48 -- Installing: /opt/rover_interfaces/install/rover_interfaces/lib/python3.12/site-packages/rover_interfaces-0.1.0-py3.12.egg-info/dependency_links.txt
#9 16.48 -- Installing: /opt/rover_interfaces/install/rover_interfaces/lib/python3.12/site-packages/rover_interfaces
#9 16.48 -- Installing: /opt/rover_interfaces/install/rover_interfaces/lib/python3.12/site-packages/rover_interfaces/rover_interfaces_s__rosidl_typesupport_c.so
#9 16.48 -- Installing: /opt/rover_interfaces/install/rover_interfaces/lib/python3.12/site-packages/rover_interfaces/_rover_interfaces_s.ep.rosidl_typesupport_fastrtps_c.c
#9 16.48 -- Installing: /opt/rover_interfaces/install/rover_interfaces/lib/python3.12/site-packages/rover_interfaces/_rover_interfaces_s.ep.rosidl_typesupport_c.c
#9 16.48 -- Installing: /opt/rover_interfaces/install/rover_interfaces/lib/python3.12/site-packages/rover_interfaces/rover_interfaces_s__rosidl_typesupport_fastrtps_c.so
#9 16.48 -- Installing: /opt/rover_interfaces/install/rover_interfaces/lib/python3.12/site-packages/rover_interfaces/msg
#9 16.48 -- Installing: /opt/rover_interfaces/install/rover_interfaces/lib/python3.12/site-packages/rover_interfaces/msg/_wheel_encoders_s.c
#9 16.48 -- Installing: /opt/rover_interfaces/install/rover_interfaces/lib/python3.12/site-packages/rover_interfaces/msg/_wheel_encoders.py
#9 16.48 -- Installing: /opt/rover_interfaces/install/rover_interfaces/lib/python3.12/site-packages/rover_interfaces/msg/__init__.py
#9 16.48 -- Installing: /opt/rover_interfaces/install/rover_interfaces/lib/python3.12/site-packages/rover_interfaces/_rover_interfaces_s.ep.rosidl_typesupport_introspection_c.c
#9 16.48 -- Installing: /opt/rover_interfaces/install/rover_interfaces/lib/python3.12/site-packages/rover_interfaces/__init__.py
#9 16.48 -- Installing: /opt/rover_interfaces/install/rover_interfaces/lib/python3.12/site-packages/rover_interfaces/rover_interfaces_s__rosidl_typesupport_introspection_c.so
#9 16.51 Listing '/opt/rover_interfaces/install/rover_interfaces/lib/python3.12/site-packages/rover_interfaces'...
#9 16.51 Compiling '/opt/rover_interfaces/install/rover_interfaces/lib/python3.12/site-packages/rover_interfaces/__init__.py'...
#9 16.51 Listing '/opt/rover_interfaces/install/rover_interfaces/lib/python3.12/site-packages/rover_interfaces/msg'...
#9 16.51 Compiling '/opt/rover_interfaces/install/rover_interfaces/lib/python3.12/site-packages/rover_interfaces/msg/__init__.py'...
#9 16.51 Compiling '/opt/rover_interfaces/install/rover_interfaces/lib/python3.12/site-packages/rover_interfaces/msg/_wheel_encoders.py'...
#9 16.52 -- Installing: /opt/rover_interfaces/install/rover_interfaces/lib/python3.12/site-packages/rover_interfaces/rover_interfaces_s__rosidl_typesupport_fastrtps_c.so
#9 16.52 -- Set non-toolchain portion of runtime path of "/opt/rover_interfaces/install/rover_interfaces/lib/python3.12/site-packages/rover_interfaces/rover_interfaces_s__rosidl_typesupport_fastrtps_c.so" to ""
#9 16.52 -- Installing: /opt/rover_interfaces/install/rover_interfaces/lib/python3.12/site-packages/rover_interfaces/rover_interfaces_s__rosidl_typesupport_introspection_c.so
#9 16.52 -- Set non-toolchain portion of runtime path of "/opt/rover_interfaces/install/rover_interfaces/lib/python3.12/site-packages/rover_interfaces/rover_interfaces_s__rosidl_typesupport_introspection_c.so" to ""
#9 16.52 -- Installing: /opt/rover_interfaces/install/rover_interfaces/lib/python3.12/site-packages/rover_interfaces/rover_interfaces_s__rosidl_typesupport_c.so
#9 16.52 -- Set non-toolchain portion of runtime path of "/opt/rover_interfaces/install/rover_interfaces/lib/python3.12/site-packages/rover_interfaces/rover_interfaces_s__rosidl_typesupport_c.so" to ""
#9 16.52 -- Installing: /opt/rover_interfaces/install/rover_interfaces/lib/librover_interfaces__rosidl_generator_py.so
#9 16.52 -- Set non-toolchain portion of runtime path of "/opt/rover_interfaces/install/rover_interfaces/lib/librover_interfaces__rosidl_generator_py.so" to ""
#9 16.52 -- Installing: /opt/rover_interfaces/install/rover_interfaces/share/rover_interfaces/rust
#9 16.52 -- Installing: /opt/rover_interfaces/install/rover_interfaces/share/rover_interfaces/rust/Cargo.toml
#9 16.52 -- Installing: /opt/rover_interfaces/install/rover_interfaces/share/rover_interfaces/rust/src
#9 16.52 -- Installing: /opt/rover_interfaces/install/rover_interfaces/share/rover_interfaces/rust/src/lib.rs
#9 16.52 -- Installing: /opt/rover_interfaces/install/rover_interfaces/share/rover_interfaces/rust/src/msg
#9 16.52 -- Installing: /opt/rover_interfaces/install/rover_interfaces/share/rover_interfaces/rust/src/msg/rmw.rs
#9 16.52 -- Installing: /opt/rover_interfaces/install/rover_interfaces/share/rover_interfaces/rust/src/msg.rs
#9 16.52 -- Installing: /opt/rover_interfaces/install/rover_interfaces/share/rover_interfaces/rust/build.rs
#9 16.52 -- Installing: /opt/rover_interfaces/install/rover_interfaces/share/rover_interfaces/msg/WheelEncoders.idl
#9 16.52 -- Installing: /opt/rover_interfaces/install/rover_interfaces/share/rover_interfaces/msg/WheelEncoders.msg
#9 16.52 -- Installing: /opt/rover_interfaces/install/rover_interfaces/share/ament_index/resource_index/package_run_dependencies/rover_interfaces
#9 16.52 -- Installing: /opt/rover_interfaces/install/rover_interfaces/share/ament_index/resource_index/parent_prefix_path/rover_interfaces
#9 16.52 -- Installing: /opt/rover_interfaces/install/rover_interfaces/share/rover_interfaces/environment/ament_prefix_path.sh
#9 16.52 -- Installing: /opt/rover_interfaces/install/rover_interfaces/share/rover_interfaces/environment/ament_prefix_path.dsv
#9 16.52 -- Installing: /opt/rover_interfaces/install/rover_interfaces/share/rover_interfaces/environment/path.sh
#9 16.52 -- Installing: /opt/rover_interfaces/install/rover_interfaces/share/rover_interfaces/environment/path.dsv
#9 16.52 -- Installing: /opt/rover_interfaces/install/rover_interfaces/share/rover_interfaces/local_setup.bash
#9 16.52 -- Installing: /opt/rover_interfaces/install/rover_interfaces/share/rover_interfaces/local_setup.sh
#9 16.52 -- Installing: /opt/rover_interfaces/install/rover_interfaces/share/rover_interfaces/local_setup.zsh
#9 16.52 -- Installing: /opt/rover_interfaces/install/rover_interfaces/share/rover_interfaces/local_setup.dsv
#9 16.52 -- Installing: /opt/rover_interfaces/install/rover_interfaces/share/rover_interfaces/package.dsv
#9 16.52 -- Installing: /opt/rover_interfaces/install/rover_interfaces/share/ament_index/resource_index/packages/rover_interfaces
#9 16.52 -- Installing: /opt/rover_interfaces/install/rover_interfaces/share/rover_interfaces/cmake/export_rover_interfaces__rosidl_generator_cExport.cmake
#9 16.52 -- Installing: /opt/rover_interfaces/install/rover_interfaces/share/rover_interfaces/cmake/export_rover_interfaces__rosidl_generator_cExport-noconfig.cmake
#9 16.52 -- Installing: /opt/rover_interfaces/install/rover_interfaces/share/rover_interfaces/cmake/export_rover_interfaces__rosidl_typesupport_fastrtps_cExport.cmake
#9 16.52 -- Installing: /opt/rover_interfaces/install/rover_interfaces/share/rover_interfaces/cmake/export_rover_interfaces__rosidl_typesupport_fastrtps_cExport-noconfig.cmake
#9 16.52 -- Installing: /opt/rover_interfaces/install/rover_interfaces/share/rover_interfaces/cmake/rover_interfaces__rosidl_typesupport_introspection_cExport.cmake
#9 16.53 -- Installing: /opt/rover_interfaces/install/rover_interfaces/share/rover_interfaces/cmake/rover_interfaces__rosidl_typesupport_introspection_cExport-noconfig.cmake
#9 16.53 -- Installing: /opt/rover_interfaces/install/rover_interfaces/share/rover_interfaces/cmake/rover_interfaces__rosidl_typesupport_cExport.cmake
#9 16.53 -- Installing: /opt/rover_interfaces/install/rover_interfaces/share/rover_interfaces/cmake/rover_interfaces__rosidl_typesupport_cExport-noconfig.cmake
#9 16.53 -- Installing: /opt/rover_interfaces/install/rover_interfaces/share/rover_interfaces/cmake/export_rover_interfaces__rosidl_generator_cppExport.cmake
#9 16.53 -- Installing: /opt/rover_interfaces/install/rover_interfaces/share/rover_interfaces/cmake/export_rover_interfaces__rosidl_typesupport_fastrtps_cppExport.cmake
#9 16.53 -- Installing: /opt/rover_interfaces/install/rover_interfaces/share/rover_interfaces/cmake/export_rover_interfaces__rosidl_typesupport_fastrtps_cppExport-noconfig.cmake
#9 16.53 -- Installing: /opt/rover_interfaces/install/rover_interfaces/share/rover_interfaces/cmake/rover_interfaces__rosidl_typesupport_introspection_cppExport.cmake
#9 16.53 -- Installing: /opt/rover_interfaces/install/rover_interfaces/share/rover_interfaces/cmake/rover_interfaces__rosidl_typesupport_introspection_cppExport-noconfig.cmake
#9 16.53 -- Installing: /opt/rover_interfaces/install/rover_interfaces/share/rover_interfaces/cmake/rover_interfaces__rosidl_typesupport_cppExport.cmake
#9 16.53 -- Installing: /opt/rover_interfaces/install/rover_interfaces/share/rover_interfaces/cmake/rover_interfaces__rosidl_typesupport_cppExport-noconfig.cmake
#9 16.53 -- Installing: /opt/rover_interfaces/install/rover_interfaces/share/rover_interfaces/cmake/export_rover_interfaces__rosidl_generator_pyExport.cmake
#9 16.53 -- Installing: /opt/rover_interfaces/install/rover_interfaces/share/rover_interfaces/cmake/export_rover_interfaces__rosidl_generator_pyExport-noconfig.cmake
#9 16.53 -- Installing: /opt/rover_interfaces/install/rover_interfaces/share/rover_interfaces/cmake/rosidl_cmake-extras.cmake
#9 16.53 -- Installing: /opt/rover_interfaces/install/rover_interfaces/share/rover_interfaces/cmake/ament_cmake_export_dependencies-extras.cmake
#9 16.53 -- Installing: /opt/rover_interfaces/install/rover_interfaces/share/rover_interfaces/cmake/ament_cmake_export_include_directories-extras.cmake
#9 16.53 -- Installing: /opt/rover_interfaces/install/rover_interfaces/share/rover_interfaces/cmake/ament_cmake_export_libraries-extras.cmake
#9 16.53 -- Installing: /opt/rover_interfaces/install/rover_interfaces/share/rover_interfaces/cmake/ament_cmake_export_targets-extras.cmake
#9 16.54 -- Installing: /opt/rover_interfaces/install/rover_interfaces/share/rover_interfaces/cmake/rosidl_cmake_export_typesupport_targets-extras.cmake
#9 16.54 -- Installing: /opt/rover_interfaces/install/rover_interfaces/share/rover_interfaces/cmake/rosidl_cmake_export_typesupport_libraries-extras.cmake
#9 16.54 -- Installing: /opt/rover_interfaces/install/rover_interfaces/share/rover_interfaces/cmake/rosidl_cmake_aggregate_target-extras.cmake
#9 16.54 -- Installing: /opt/rover_interfaces/install/rover_interfaces/share/rover_interfaces/cmake/rover_interfacesConfig.cmake
#9 16.54 -- Installing: /opt/rover_interfaces/install/rover_interfaces/share/rover_interfaces/cmake/rover_interfacesConfig-version.cmake
#9 16.54 -- Installing: /opt/rover_interfaces/install/rover_interfaces/share/rover_interfaces/package.xml
#9 16.59 Finished <<< rover_interfaces [15.0s]
#9 16.63 
#9 16.63 Summary: 1 package finished [15.2s]
#9 DONE 17.2s

#10 [robotics robotics 5/6] COPY scripts/ros-entrypoint.sh /ros_entrypoint.sh
#10 DONE 0.1s

#11 [robotics robotics 6/6] WORKDIR /workspace
#11 DONE 0.0s

#12 [robotics] exporting to image
#12 exporting layers
#12 exporting layers 0.3s done
#12 exporting manifest sha256:7e15d5f54daafe94b60bb787532c20aff35cbabe8a9dbe6c4786bdbd9d8375a0
#12 exporting manifest sha256:7e15d5f54daafe94b60bb787532c20aff35cbabe8a9dbe6c4786bdbd9d8375a0 0.0s done
#12 exporting config sha256:33d74df77633449bd51e84d6352a574fd78bf6b14591a34c6e42d93f4ba9e41e 0.0s done
#12 exporting attestation manifest sha256:8ab98fdfff9d3526696f51145cbf58602e2fb4010b9fbf8ba85387cebd76226d 0.0s done
#12 exporting manifest list sha256:ad968c44d72d179114cc1b4afe2e71f12b04dc03d397995fe571deb7a8f1ff82 done
#12 naming to docker.io/library/hardwareless-robotics:jazzy-harmonic done
#12 unpacking to docker.io/library/hardwareless-robotics:jazzy-harmonic
#12 unpacking to docker.io/library/hardwareless-robotics:jazzy-harmonic 0.2s done
#12 DONE 0.6s

#13 [robotics] resolving provenance for metadata file
#13 DONE 0.0s

#14 [desktop desktop 1/1] RUN apt-get update && apt-get install -y --no-install-recommends     xvfb x11vnc novnc websockify openbox mesa-utils python3-pil x11-utils xterm     && dpkg-query -W > /opt/installed-packages.tsv     && rm -rf /var/lib/apt/lists/*
#14 0.546 Get:1 http://ports.ubuntu.com/ubuntu-ports noble InRelease [256 kB]
#14 0.563 Get:2 http://packages.ros.org/ros2/ubuntu noble InRelease [4676 B]
#14 0.769 Get:3 http://packages.ros.org/ros2/ubuntu noble/main Sources [2171 kB]
#14 0.805 Get:4 http://ports.ubuntu.com/ubuntu-ports noble-updates InRelease [126 kB]
#14 0.860 Get:5 http://ports.ubuntu.com/ubuntu-ports noble-backports InRelease [126 kB]
#14 0.902 Get:6 http://ports.ubuntu.com/ubuntu-ports noble-security InRelease [126 kB]
#14 0.948 Get:7 http://ports.ubuntu.com/ubuntu-ports noble/restricted arm64 Packages [113 kB]
#14 0.968 Get:8 http://ports.ubuntu.com/ubuntu-ports noble/universe arm64 Packages [19.0 MB]
#14 1.355 Get:9 http://packages.ros.org/ros2/ubuntu noble/main arm64 Packages [2037 kB]
#14 1.364 Get:10 http://ports.ubuntu.com/ubuntu-ports noble/main arm64 Packages [1776 kB]
#14 1.378 Get:11 http://ports.ubuntu.com/ubuntu-ports noble/multiverse arm64 Packages [274 kB]
#14 1.378 Get:12 http://ports.ubuntu.com/ubuntu-ports noble-updates/multiverse arm64 Packages [94.8 kB]
#14 1.378 Get:13 http://ports.ubuntu.com/ubuntu-ports noble-updates/universe arm64 Packages [2199 kB]
#14 1.520 Get:14 http://ports.ubuntu.com/ubuntu-ports noble-updates/restricted arm64 Packages [2996 kB]
#14 1.601 Get:15 http://ports.ubuntu.com/ubuntu-ports noble-updates/main arm64 Packages [1692 kB]
#14 1.641 Get:16 http://ports.ubuntu.com/ubuntu-ports noble-backports/multiverse arm64 Packages [671 B]
#14 1.642 Get:17 http://ports.ubuntu.com/ubuntu-ports noble-backports/main arm64 Packages [49.0 kB]
#14 1.643 Get:18 http://ports.ubuntu.com/ubuntu-ports noble-backports/universe arm64 Packages [36.3 kB]
#14 1.646 Get:19 http://ports.ubuntu.com/ubuntu-ports noble-security/universe arm64 Packages [1635 kB]
#14 1.657 Get:20 http://ports.ubuntu.com/ubuntu-ports noble-security/restricted arm64 Packages [2811 kB]
#14 1.764 Get:21 http://ports.ubuntu.com/ubuntu-ports noble-security/multiverse arm64 Packages [89.7 kB]
#14 1.764 Get:22 http://ports.ubuntu.com/ubuntu-ports noble-security/main arm64 Packages [1356 kB]
#14 3.316 Fetched 39.0 MB in 3s (13.2 MB/s)
#14 3.316 Reading package lists...
#14 4.768 Reading package lists...
#14 6.075 Building dependency tree...
#14 6.312 Reading state information...
#14 6.858 python3-pil is already the newest version (10.2.0-1ubuntu1.3).
#14 6.858 python3-pil set to manually installed.
#14 6.858 The following additional packages will be installed:
#14 6.858   fonts-urw-base35 ieee-data libcares2 libfontenc1 libgs-common libgs10
#14 6.859   libgs10-common libid3tag0 libidn12 libijs-0.35 libimlib2t64 libjbig2dec0
#14 6.860   liblzo2-2 libnode109 libobrender32v5 libobt2v5 libpangoxft-1.0-0 libpaper1
#14 6.860   libspectre1 libstartup-notification0 libutempter0 libvncclient1
#14 6.860   libvncserver1 libxcomposite1 libxdamage1 libxfont2 libxkbfile1 libxmuu1
#14 6.860   libxtst6 libxxf86dga1 mesa-utils-bin net-tools node-acorn node-busboy
#14 6.860   node-cjs-module-lexer node-undici node-xtend nodejs poppler-data
#14 6.860   python-babel-localedata python3-babel python3-certifi python3-chardet
#14 6.860   python3-debtcollector python3-deprecated python3-dnspython python3-eventlet
#14 6.860   python3-greenlet python3-idna python3-iso8601 python3-jwcrypto
#14 6.861   python3-monotonic python3-msgpack python3-netaddr python3-netifaces
#14 6.861   python3-novnc python3-oslo.config python3-oslo.context python3-oslo.i18n
#14 6.861   python3-oslo.log python3-oslo.serialization python3-oslo.utils python3-pbr
#14 6.861   python3-pyasyncore python3-pyinotify python3-requests python3-rfc3986
#14 6.861   python3-stevedore python3-typing-extensions python3-urllib3
#14 6.861   python3-websockify python3-wrapt tcl tcl8.6 tk tk8.6 ucf x11-xkb-utils xauth
#14 6.861   xbitmaps xfonts-encodings xfonts-utils xserver-common
#14 6.864 Suggested packages:
#14 6.864   fonts-freefont-otf | fonts-freefont-ttf fonts-texgyre npm python-nova
#14 6.864   fonts-dejavu tint2 openbox-gnome-session openbox-kde-session poppler-utils
#14 6.864   ghostscript fonts-japanese-mincho | fonts-ipafont-mincho
#14 6.864   fonts-japanese-gothic | fonts-ipafont-gothic fonts-arphic-ukai
#14 6.864   fonts-arphic-uming fonts-nanum python-debtcollector-doc python3-trio
#14 6.864   python3-aioquic python3-h2 python3-httpx python3-httpcore
#14 6.864   python-eventlet-doc python-greenlet-dev python-greenlet-doc ipython3
#14 6.864   python-netaddr-docs python3-nova python-oslo.log-doc python-pyinotify-doc
#14 6.864   python3-openssl python3-socks python-requests-doc tcl-tclreadline
#14 6.864   xfonts-cyrillic
#14 6.864 Recommended packages:
#14 6.864   fonts-droid-fallback libpaper-utils nodejs-doc obconf | obconf-qt scrot luit
#14 6.864   xfonts-base luit | x11-utils
#14 7.279 The following NEW packages will be installed:
#14 7.279   fonts-urw-base35 ieee-data libcares2 libfontenc1 libgs-common libgs10
#14 7.279   libgs10-common libid3tag0 libidn12 libijs-0.35 libimlib2t64 libjbig2dec0
#14 7.279   liblzo2-2 libnode109 libobrender32v5 libobt2v5 libpangoxft-1.0-0 libpaper1
#14 7.279   libspectre1 libstartup-notification0 libutempter0 libvncclient1
#14 7.279   libvncserver1 libxcomposite1 libxdamage1 libxfont2 libxkbfile1 libxmuu1
#14 7.280   libxtst6 libxxf86dga1 mesa-utils mesa-utils-bin net-tools node-acorn
#14 7.280   node-busboy node-cjs-module-lexer node-undici node-xtend nodejs novnc
#14 7.280   openbox poppler-data python-babel-localedata python3-babel python3-certifi
#14 7.280   python3-chardet python3-debtcollector python3-deprecated python3-dnspython
#14 7.280   python3-eventlet python3-greenlet python3-idna python3-iso8601
#14 7.280   python3-jwcrypto python3-monotonic python3-msgpack python3-netaddr
#14 7.280   python3-netifaces python3-novnc python3-oslo.config python3-oslo.context
#14 7.280   python3-oslo.i18n python3-oslo.log python3-oslo.serialization
#14 7.280   python3-oslo.utils python3-pbr python3-pyasyncore python3-pyinotify
#14 7.280   python3-requests python3-rfc3986 python3-stevedore python3-typing-extensions
#14 7.280   python3-urllib3 python3-websockify python3-wrapt tcl tcl8.6 tk tk8.6 ucf
#14 7.280   websockify x11-utils x11-xkb-utils x11vnc xauth xbitmaps xfonts-encodings
#14 7.280   xfonts-utils xserver-common xterm xvfb
#14 7.393 0 upgraded, 91 newly installed, 0 to remove and 17 not upgraded.
#14 7.393 Need to get 47.2 MB of archives.
#14 7.393 After this operation, 188 MB of additional disk space will be used.
#14 7.393 Get:1 http://ports.ubuntu.com/ubuntu-ports noble/main arm64 poppler-data all 0.4.12-1 [2060 kB]
#14 7.804 Get:2 http://ports.ubuntu.com/ubuntu-ports noble/main arm64 python3-netifaces arm64 0.11.0-2build3 [17.9 kB]
#14 7.804 Get:3 http://ports.ubuntu.com/ubuntu-ports noble/main arm64 ucf all 3.0043+nmu1 [56.5 kB]
#14 7.804 Get:4 http://ports.ubuntu.com/ubuntu-ports noble/main arm64 libxmuu1 arm64 2:1.1.3-3build2 [9140 B]
#14 7.804 Get:5 http://ports.ubuntu.com/ubuntu-ports noble/main arm64 xauth arm64 1:1.1.2-1build1 [25.3 kB]
#14 7.805 Get:6 http://ports.ubuntu.com/ubuntu-ports noble/main arm64 libfontenc1 arm64 1:1.1.8-1build1 [13.9 kB]
#14 7.806 Get:7 http://ports.ubuntu.com/ubuntu-ports noble/main arm64 xfonts-encodings all 1:1.0.5-0ubuntu2 [578 kB]
#14 7.812 Get:8 http://ports.ubuntu.com/ubuntu-ports noble/main arm64 xfonts-utils arm64 1:7.7+6build3 [93.1 kB]
#14 7.813 Get:9 http://ports.ubuntu.com/ubuntu-ports noble/main arm64 fonts-urw-base35 all 20200910-8 [11.0 MB]
#14 7.944 Get:10 http://ports.ubuntu.com/ubuntu-ports noble/main arm64 ieee-data all 20220827.1 [2113 kB]
#14 7.968 Get:11 http://ports.ubuntu.com/ubuntu-ports noble/main arm64 libcares2 arm64 1.27.0-1.0ubuntu1 [74.1 kB]
#14 7.968 Get:12 http://ports.ubuntu.com/ubuntu-ports noble-updates/main arm64 libgs-common all 10.02.1~dfsg1-0ubuntu7.9 [176 kB]
#14 7.968 Get:13 http://ports.ubuntu.com/ubuntu-ports noble-updates/main arm64 libgs10-common all 10.02.1~dfsg1-0ubuntu7.9 [488 kB]
#14 7.969 Get:14 http://ports.ubuntu.com/ubuntu-ports noble-updates/main arm64 libidn12 arm64 1.42-1ubuntu0.1 [57.1 kB]
#14 7.969 Get:15 http://ports.ubuntu.com/ubuntu-ports noble/main arm64 libijs-0.35 arm64 0.35-15.1build1 [15.3 kB]
#14 7.969 Get:16 http://ports.ubuntu.com/ubuntu-ports noble-updates/main arm64 libjbig2dec0 arm64 0.20-1ubuntu0.24.04.1 [63.4 kB]
#14 7.969 Get:17 http://ports.ubuntu.com/ubuntu-ports noble/main arm64 libpaper1 arm64 1.1.29build1 [13.4 kB]
#14 7.970 Get:18 http://ports.ubuntu.com/ubuntu-ports noble-updates/main arm64 libgs10 arm64 10.02.1~dfsg1-0ubuntu7.9 [3777 kB]
#14 8.083 Get:19 http://ports.ubuntu.com/ubuntu-ports noble/universe arm64 libid3tag0 arm64 0.15.1b-14build1 [32.9 kB]
#14 8.083 Get:20 http://ports.ubuntu.com/ubuntu-ports noble/main arm64 libspectre1 arm64 0.2.12-1build2 [29.6 kB]
#14 8.084 Get:21 http://ports.ubuntu.com/ubuntu-ports noble/universe arm64 libimlib2t64 arm64 1.12.1-1.1build2 [201 kB]
#14 8.087 Get:22 http://ports.ubuntu.com/ubuntu-ports noble/main arm64 liblzo2-2 arm64 2.10-2build4 [50.6 kB]
#14 8.087 Get:23 http://ports.ubuntu.com/ubuntu-ports noble/universe arm64 node-xtend all 4.0.2-3 [3902 B]
#14 8.087 Get:24 http://ports.ubuntu.com/ubuntu-ports noble/universe arm64 nodejs arm64 18.19.1+dfsg-6ubuntu5 [306 kB]
#14 8.095 Get:25 http://ports.ubuntu.com/ubuntu-ports noble/universe arm64 node-acorn all 8.8.1+ds+~cs25.17.7-2 [115 kB]
#14 8.096 Get:26 http://ports.ubuntu.com/ubuntu-ports noble/universe arm64 node-cjs-module-lexer all 1.2.3+dfsg-1 [32.1 kB]
#14 8.096 Get:27 http://ports.ubuntu.com/ubuntu-ports noble/universe arm64 node-busboy all 1.6.0+~cs2.6.0-2 [17.3 kB]
#14 8.116 Get:28 http://ports.ubuntu.com/ubuntu-ports noble/universe arm64 node-undici all 5.26.3+dfsg1+~cs23.10.12-2 [325 kB]
#14 8.121 Get:29 http://ports.ubuntu.com/ubuntu-ports noble/universe arm64 libnode109 arm64 18.19.1+dfsg-6ubuntu5 [11.2 MB]
#14 8.255 Get:30 http://ports.ubuntu.com/ubuntu-ports noble/universe arm64 libobt2v5 arm64 3.6.1-12build5 [32.9 kB]
#14 8.258 Get:31 http://ports.ubuntu.com/ubuntu-ports noble/main arm64 libpangoxft-1.0-0 arm64 1.52.1+ds-1build1 [20.1 kB]
#14 8.258 Get:32 http://ports.ubuntu.com/ubuntu-ports noble/universe arm64 libobrender32v5 arm64 3.6.1-12build5 [39.7 kB]
#14 8.258 Get:33 http://ports.ubuntu.com/ubuntu-ports noble/main arm64 libstartup-notification0 arm64 0.12-6build3 [18.9 kB]
#14 8.258 Get:34 http://ports.ubuntu.com/ubuntu-ports noble/main arm64 libutempter0 arm64 1.2.1-3build1 [9590 B]
#14 8.259 Get:35 http://ports.ubuntu.com/ubuntu-ports noble-updates/main arm64 libvncclient1 arm64 0.9.14+dfsg-1ubuntu0.2 [74.7 kB]
#14 8.261 Get:36 http://ports.ubuntu.com/ubuntu-ports noble-updates/main arm64 libvncserver1 arm64 0.9.14+dfsg-1ubuntu0.2 [132 kB]
#14 8.263 Get:37 http://ports.ubuntu.com/ubuntu-ports noble/main arm64 libxcomposite1 arm64 1:0.4.5-1build3 [6336 B]
#14 8.263 Get:38 http://ports.ubuntu.com/ubuntu-ports noble/main arm64 libxdamage1 arm64 1:1.1.6-1build1 [6236 B]
#14 8.288 Get:39 http://ports.ubuntu.com/ubuntu-ports noble-updates/main arm64 libxfont2 arm64 1:2.0.6-1+deb13u1build0.24.04.2 [89.8 kB]
#14 8.290 Get:40 http://ports.ubuntu.com/ubuntu-ports noble/main arm64 libxkbfile1 arm64 1:1.1.0-1build4 [69.4 kB]
#14 8.294 Get:41 http://ports.ubuntu.com/ubuntu-ports noble/main arm64 libxtst6 arm64 2:1.2.3-1.1build1 [13.0 kB]
#14 8.294 Get:42 http://ports.ubuntu.com/ubuntu-ports noble/main arm64 libxxf86dga1 arm64 2:1.1.5-1build1 [11.3 kB]
#14 8.294 Get:43 http://ports.ubuntu.com/ubuntu-ports noble/universe arm64 mesa-utils-bin arm64 9.0.0-2 [168 kB]
#14 8.297 Get:44 http://ports.ubuntu.com/ubuntu-ports noble-updates/main arm64 net-tools arm64 2.10-0.1ubuntu4.4 [207 kB]
#14 8.299 Get:45 http://ports.ubuntu.com/ubuntu-ports noble/main arm64 python3-pbr all 5.11.1-0ubuntu1 [66.5 kB]
#14 8.300 Get:46 http://ports.ubuntu.com/ubuntu-ports noble/main arm64 python3-wrapt arm64 1.15.0-2build3 [33.9 kB]
#14 8.301 Get:47 http://ports.ubuntu.com/ubuntu-ports noble/main arm64 python3-debtcollector all 2.5.0-3 [13.3 kB]
#14 8.302 Get:48 http://ports.ubuntu.com/ubuntu-ports noble/main arm64 python3-netaddr all 0.8.0-2ubuntu1 [319 kB]
#14 8.328 Get:49 http://ports.ubuntu.com/ubuntu-ports noble/main arm64 python-babel-localedata all 2.10.3-3build1 [6357 kB]
#14 8.390 Get:50 http://ports.ubuntu.com/ubuntu-ports noble/main arm64 python3-babel all 2.10.3-3build1 [87.5 kB]
#14 8.390 Get:51 http://ports.ubuntu.com/ubuntu-ports noble/main arm64 python3-oslo.i18n all 6.3.0-0ubuntu1 [22.2 kB]
#14 8.393 Get:52 http://ports.ubuntu.com/ubuntu-ports noble-updates/main arm64 python3-greenlet arm64 3.0.3-0ubuntu5.1 [153 kB]
#14 8.394 Get:53 http://ports.ubuntu.com/ubuntu-ports noble/main arm64 python3-dnspython all 2.6.1-1ubuntu1 [163 kB]
#14 8.396 Get:54 http://ports.ubuntu.com/ubuntu-ports noble/main arm64 python3-monotonic all 1.6-2 [5732 B]
#14 8.396 Get:55 http://ports.ubuntu.com/ubuntu-ports noble-updates/main arm64 python3-eventlet all 0.35.2-0ubuntu1.1 [274 kB]
#14 8.399 Get:56 http://ports.ubuntu.com/ubuntu-ports noble/main arm64 python3-oslo.context all 1:5.5.0-0ubuntu1 [13.7 kB]
#14 8.399 Get:57 http://ports.ubuntu.com/ubuntu-ports noble/main arm64 python3-msgpack arm64 1.0.3-3build2 [77.9 kB]
#14 8.401 Get:58 http://ports.ubuntu.com/ubuntu-ports noble/main arm64 python3-iso8601 all 1.0.2-1 [15.8 kB]
#14 8.421 Get:59 http://ports.ubuntu.com/ubuntu-ports noble/main arm64 python3-oslo.utils all 7.1.0-0ubuntu1 [63.2 kB]
#14 8.423 Get:60 http://ports.ubuntu.com/ubuntu-ports noble/main arm64 python3-oslo.serialization all 5.4.0-0ubuntu1 [15.6 kB]
#14 8.423 Get:61 http://ports.ubuntu.com/ubuntu-ports noble/main arm64 python3-pyasyncore all 1.0.2-2 [10.1 kB]
#14 8.426 Get:62 http://ports.ubuntu.com/ubuntu-ports noble/main arm64 python3-pyinotify all 0.9.6-2ubuntu1 [25.0 kB]
#14 8.427 Get:63 http://ports.ubuntu.com/ubuntu-ports noble/main arm64 python3-oslo.log all 5.5.1-0ubuntu1 [46.9 kB]
#14 8.433 Get:64 http://ports.ubuntu.com/ubuntu-ports noble/main arm64 python3-certifi all 2023.11.17-1 [165 kB]
#14 8.434 Get:65 http://ports.ubuntu.com/ubuntu-ports noble/main arm64 python3-chardet all 5.2.0+dfsg-1 [117 kB]
#14 8.434 Get:66 http://ports.ubuntu.com/ubuntu-ports noble-updates/main arm64 python3-idna all 3.6-2ubuntu0.2 [49.7 kB]
#14 8.437 Get:67 http://ports.ubuntu.com/ubuntu-ports noble-updates/main arm64 python3-urllib3 all 2.0.7-1ubuntu0.7 [95.4 kB]
#14 8.437 Get:68 http://ports.ubuntu.com/ubuntu-ports noble-updates/main arm64 python3-requests all 2.31.0+dfsg-1ubuntu1.1 [50.8 kB]
#14 8.453 Get:69 http://ports.ubuntu.com/ubuntu-ports noble/main arm64 python3-rfc3986 all 2.0.0-2 [21.9 kB]
#14 8.454 Get:70 http://ports.ubuntu.com/ubuntu-ports noble/main arm64 python3-stevedore all 1:5.1.0-0ubuntu1 [21.0 kB]
#14 8.454 Get:71 http://ports.ubuntu.com/ubuntu-ports noble/main arm64 python3-oslo.config all 1:9.4.0-0ubuntu1 [88.0 kB]
#14 8.458 Get:72 http://ports.ubuntu.com/ubuntu-ports noble/universe arm64 python3-novnc all 1:1.3.0-2 [12.8 kB]
#14 8.461 Get:73 http://ports.ubuntu.com/ubuntu-ports noble/main arm64 python3-typing-extensions all 4.10.0-1 [60.7 kB]
#14 8.466 Get:74 http://ports.ubuntu.com/ubuntu-ports noble/universe arm64 python3-deprecated all 1.2.14-1 [10.5 kB]
#14 8.466 Get:75 http://ports.ubuntu.com/ubuntu-ports noble/universe arm64 python3-jwcrypto all 1.5.4-1 [31.9 kB]
#14 8.468 Get:76 http://ports.ubuntu.com/ubuntu-ports noble/main arm64 python3-websockify arm64 0.10.0+dfsg1-5build2 [42.2 kB]
#14 8.472 Get:77 http://ports.ubuntu.com/ubuntu-ports noble/universe arm64 websockify arm64 0.10.0+dfsg1-5build2 [24.4 kB]
#14 8.472 Get:78 http://ports.ubuntu.com/ubuntu-ports noble/universe arm64 novnc all 1:1.3.0-2 [248 kB]
#14 8.579 Get:79 http://ports.ubuntu.com/ubuntu-ports noble/universe arm64 openbox arm64 3.6.1-12build5 [301 kB]
#14 8.583 Get:80 http://ports.ubuntu.com/ubuntu-ports noble/main arm64 tcl8.6 arm64 8.6.14+dfsg-1build1 [14.6 kB]
#14 8.585 Get:81 http://ports.ubuntu.com/ubuntu-ports noble/main arm64 tcl arm64 8.6.14build1 [4124 B]
#14 8.585 Get:82 http://ports.ubuntu.com/ubuntu-ports noble/main arm64 tk8.6 arm64 8.6.14-1build1 [12.3 kB]
#14 8.585 Get:83 http://ports.ubuntu.com/ubuntu-ports noble/main arm64 tk arm64 8.6.14build1 [3076 B]
#14 8.585 Get:84 http://ports.ubuntu.com/ubuntu-ports noble/main arm64 x11-utils arm64 7.7+6build2 [188 kB]
#14 8.587 Get:85 http://ports.ubuntu.com/ubuntu-ports noble/main arm64 x11-xkb-utils arm64 7.7+8build2 [165 kB]
#14 8.589 Get:86 http://ports.ubuntu.com/ubuntu-ports noble/universe arm64 x11vnc arm64 0.9.16-10 [1008 kB]
#14 8.600 Get:87 http://ports.ubuntu.com/ubuntu-ports noble/main arm64 xbitmaps all 1.1.1-2.2 [22.4 kB]
#14 8.600 Get:88 http://ports.ubuntu.com/ubuntu-ports noble-updates/main arm64 xserver-common all 2:21.1.12-1ubuntu1.8 [34.8 kB]
#14 8.619 Get:89 http://ports.ubuntu.com/ubuntu-ports noble/universe arm64 xterm arm64 390-1ubuntu3 [886 kB]
#14 8.631 Get:90 http://ports.ubuntu.com/ubuntu-ports noble-updates/universe arm64 xvfb arm64 2:21.1.12-1ubuntu1.8 [873 kB]
#14 8.643 Get:91 http://ports.ubuntu.com/ubuntu-ports noble/universe arm64 mesa-utils arm64 9.0.0-2 [1051 kB]
#14 9.009 debconf: delaying package configuration, since apt-utils is not installed
#14 9.079 Fetched 47.2 MB in 1s (34.9 MB/s)
#14 9.131 Selecting previously unselected package poppler-data.
#14 9.131 (Reading database ... (Reading database ... 5%(Reading database ... 10%(Reading database ... 15%(Reading database ... 20%(Reading database ... 25%(Reading database ... 30%(Reading database ... 35%(Reading database ... 40%(Reading database ... 45%(Reading database ... 50%(Reading database ... 55%(Reading database ... 60%(Reading database ... 65%(Reading database ... 70%(Reading database ... 75%(Reading database ... 80%(Reading database ... 85%(Reading database ... 90%(Reading database ... 95%(Reading database ... 100%(Reading database ... 108865 files and directories currently installed.)
#14 9.919 Preparing to unpack .../00-poppler-data_0.4.12-1_all.deb ...
#14 9.921 Unpacking poppler-data (0.4.12-1) ...
#14 10.15 Selecting previously unselected package python3-netifaces:arm64.
#14 10.16 Preparing to unpack .../01-python3-netifaces_0.11.0-2build3_arm64.deb ...
#14 10.16 Unpacking python3-netifaces:arm64 (0.11.0-2build3) ...
#14 10.21 Selecting previously unselected package ucf.
#14 10.22 Preparing to unpack .../02-ucf_3.0043+nmu1_all.deb ...
#14 10.22 Moving old data out of the way
#14 10.22 Unpacking ucf (3.0043+nmu1) ...
#14 10.27 Selecting previously unselected package libxmuu1:arm64.
#14 10.27 Preparing to unpack .../03-libxmuu1_2%3a1.1.3-3build2_arm64.deb ...
#14 10.28 Unpacking libxmuu1:arm64 (2:1.1.3-3build2) ...
#14 10.32 Selecting previously unselected package xauth.
#14 10.33 Preparing to unpack .../04-xauth_1%3a1.1.2-1build1_arm64.deb ...
#14 10.34 Unpacking xauth (1:1.1.2-1build1) ...
#14 10.40 Selecting previously unselected package libfontenc1:arm64.
#14 10.41 Preparing to unpack .../05-libfontenc1_1%3a1.1.8-1build1_arm64.deb ...
#14 10.42 Unpacking libfontenc1:arm64 (1:1.1.8-1build1) ...
#14 10.45 Selecting previously unselected package xfonts-encodings.
#14 10.46 Preparing to unpack .../06-xfonts-encodings_1%3a1.0.5-0ubuntu2_all.deb ...
#14 10.46 Unpacking xfonts-encodings (1:1.0.5-0ubuntu2) ...
#14 10.51 Selecting previously unselected package xfonts-utils.
#14 10.52 Preparing to unpack .../07-xfonts-utils_1%3a7.7+6build3_arm64.deb ...
#14 10.54 Unpacking xfonts-utils (1:7.7+6build3) ...
#14 10.61 Selecting previously unselected package fonts-urw-base35.
#14 10.62 Preparing to unpack .../08-fonts-urw-base35_20200910-8_all.deb ...
#14 10.72 Unpacking fonts-urw-base35 (20200910-8) ...
#14 10.90 Selecting previously unselected package ieee-data.
#14 10.90 Preparing to unpack .../09-ieee-data_20220827.1_all.deb ...
#14 10.91 Unpacking ieee-data (20220827.1) ...
#14 11.05 Selecting previously unselected package libcares2:arm64.
#14 11.05 Preparing to unpack .../10-libcares2_1.27.0-1.0ubuntu1_arm64.deb ...
#14 11.06 Unpacking libcares2:arm64 (1.27.0-1.0ubuntu1) ...
#14 11.08 Selecting previously unselected package libgs-common.
#14 11.09 Preparing to unpack .../11-libgs-common_10.02.1~dfsg1-0ubuntu7.9_all.deb ...
#14 11.10 Unpacking libgs-common (10.02.1~dfsg1-0ubuntu7.9) ...
#14 11.13 Selecting previously unselected package libgs10-common.
#14 11.14 Preparing to unpack .../12-libgs10-common_10.02.1~dfsg1-0ubuntu7.9_all.deb ...
#14 11.14 Unpacking libgs10-common (10.02.1~dfsg1-0ubuntu7.9) ...
#14 11.21 Selecting previously unselected package libidn12:arm64.
#14 11.22 Preparing to unpack .../13-libidn12_1.42-1ubuntu0.1_arm64.deb ...
#14 11.22 Unpacking libidn12:arm64 (1.42-1ubuntu0.1) ...
#14 11.25 Selecting previously unselected package libijs-0.35:arm64.
#14 11.26 Preparing to unpack .../14-libijs-0.35_0.35-15.1build1_arm64.deb ...
#14 11.26 Unpacking libijs-0.35:arm64 (0.35-15.1build1) ...
#14 11.30 Selecting previously unselected package libjbig2dec0:arm64.
#14 11.30 Preparing to unpack .../15-libjbig2dec0_0.20-1ubuntu0.24.04.1_arm64.deb ...
#14 11.31 Unpacking libjbig2dec0:arm64 (0.20-1ubuntu0.24.04.1) ...
#14 11.35 Selecting previously unselected package libpaper1:arm64.
#14 11.36 Preparing to unpack .../16-libpaper1_1.1.29build1_arm64.deb ...
#14 11.36 Unpacking libpaper1:arm64 (1.1.29build1) ...
#14 11.39 Selecting previously unselected package libgs10:arm64.
#14 11.40 Preparing to unpack .../17-libgs10_10.02.1~dfsg1-0ubuntu7.9_arm64.deb ...
#14 11.41 Unpacking libgs10:arm64 (10.02.1~dfsg1-0ubuntu7.9) ...
#14 11.60 Selecting previously unselected package libid3tag0:arm64.
#14 11.60 Preparing to unpack .../18-libid3tag0_0.15.1b-14build1_arm64.deb ...
#14 11.61 Unpacking libid3tag0:arm64 (0.15.1b-14build1) ...
#14 11.64 Selecting previously unselected package libspectre1:arm64.
#14 11.65 Preparing to unpack .../19-libspectre1_0.2.12-1build2_arm64.deb ...
#14 11.65 Unpacking libspectre1:arm64 (0.2.12-1build2) ...
#14 11.68 Selecting previously unselected package libimlib2t64:arm64.
#14 11.69 Preparing to unpack .../20-libimlib2t64_1.12.1-1.1build2_arm64.deb ...
#14 11.69 Unpacking libimlib2t64:arm64 (1.12.1-1.1build2) ...
#14 11.74 Selecting previously unselected package liblzo2-2:arm64.
#14 11.75 Preparing to unpack .../21-liblzo2-2_2.10-2build4_arm64.deb ...
#14 11.75 Unpacking liblzo2-2:arm64 (2.10-2build4) ...
#14 11.79 Selecting previously unselected package node-xtend.
#14 11.79 Preparing to unpack .../22-node-xtend_4.0.2-3_all.deb ...
#14 11.80 Unpacking node-xtend (4.0.2-3) ...
#14 11.85 Selecting previously unselected package nodejs.
#14 11.86 Preparing to unpack .../23-nodejs_18.19.1+dfsg-6ubuntu5_arm64.deb ...
#14 11.86 Unpacking nodejs (18.19.1+dfsg-6ubuntu5) ...
#14 11.94 Selecting previously unselected package node-acorn.
#14 11.95 Preparing to unpack .../24-node-acorn_8.8.1+ds+~cs25.17.7-2_all.deb ...
#14 11.96 Unpacking node-acorn (8.8.1+ds+~cs25.17.7-2) ...
#14 12.02 Selecting previously unselected package node-cjs-module-lexer.
#14 12.03 Preparing to unpack .../25-node-cjs-module-lexer_1.2.3+dfsg-1_all.deb ...
#14 12.04 Unpacking node-cjs-module-lexer (1.2.3+dfsg-1) ...
#14 12.08 Selecting previously unselected package node-busboy.
#14 12.09 Preparing to unpack .../26-node-busboy_1.6.0+~cs2.6.0-2_all.deb ...
#14 12.10 Unpacking node-busboy (1.6.0+~cs2.6.0-2) ...
#14 12.15 Selecting previously unselected package node-undici.
#14 12.16 Preparing to unpack .../27-node-undici_5.26.3+dfsg1+~cs23.10.12-2_all.deb ...
#14 12.17 Unpacking node-undici (5.26.3+dfsg1+~cs23.10.12-2) ...
#14 12.27 Selecting previously unselected package libnode109:arm64.
#14 12.28 Preparing to unpack .../28-libnode109_18.19.1+dfsg-6ubuntu5_arm64.deb ...
#14 12.28 Unpacking libnode109:arm64 (18.19.1+dfsg-6ubuntu5) ...
#14 12.72 Selecting previously unselected package libobt2v5:arm64.
#14 12.73 Preparing to unpack .../29-libobt2v5_3.6.1-12build5_arm64.deb ...
#14 12.74 Unpacking libobt2v5:arm64 (3.6.1-12build5) ...
#14 12.79 Selecting previously unselected package libpangoxft-1.0-0:arm64.
#14 12.80 Preparing to unpack .../30-libpangoxft-1.0-0_1.52.1+ds-1build1_arm64.deb ...
#14 12.80 Unpacking libpangoxft-1.0-0:arm64 (1.52.1+ds-1build1) ...
#14 12.83 Selecting previously unselected package libobrender32v5.
#14 12.85 Preparing to unpack .../31-libobrender32v5_3.6.1-12build5_arm64.deb ...
#14 12.85 Unpacking libobrender32v5 (3.6.1-12build5) ...
#14 12.89 Selecting previously unselected package libstartup-notification0:arm64.
#14 12.90 Preparing to unpack .../32-libstartup-notification0_0.12-6build3_arm64.deb ...
#14 12.90 Unpacking libstartup-notification0:arm64 (0.12-6build3) ...
#14 12.93 Selecting previously unselected package libutempter0:arm64.
#14 12.94 Preparing to unpack .../33-libutempter0_1.2.1-3build1_arm64.deb ...
#14 12.95 Unpacking libutempter0:arm64 (1.2.1-3build1) ...
#14 12.99 Selecting previously unselected package libvncclient1:arm64.
#14 13.00 Preparing to unpack .../34-libvncclient1_0.9.14+dfsg-1ubuntu0.2_arm64.deb ...
#14 13.00 Unpacking libvncclient1:arm64 (0.9.14+dfsg-1ubuntu0.2) ...
#14 13.03 Selecting previously unselected package libvncserver1:arm64.
#14 13.04 Preparing to unpack .../35-libvncserver1_0.9.14+dfsg-1ubuntu0.2_arm64.deb ...
#14 13.05 Unpacking libvncserver1:arm64 (0.9.14+dfsg-1ubuntu0.2) ...
#14 13.08 Selecting previously unselected package libxcomposite1:arm64.
#14 13.09 Preparing to unpack .../36-libxcomposite1_1%3a0.4.5-1build3_arm64.deb ...
#14 13.09 Unpacking libxcomposite1:arm64 (1:0.4.5-1build3) ...
#14 13.13 Selecting previously unselected package libxdamage1:arm64.
#14 13.14 Preparing to unpack .../37-libxdamage1_1%3a1.1.6-1build1_arm64.deb ...
#14 13.14 Unpacking libxdamage1:arm64 (1:1.1.6-1build1) ...
#14 13.17 Selecting previously unselected package libxfont2:arm64.
#14 13.17 Preparing to unpack .../38-libxfont2_1%3a2.0.6-1+deb13u1build0.24.04.2_arm64.deb ...
#14 13.18 Unpacking libxfont2:arm64 (1:2.0.6-1+deb13u1build0.24.04.2) ...
#14 13.21 Selecting previously unselected package libxkbfile1:arm64.
#14 13.22 Preparing to unpack .../39-libxkbfile1_1%3a1.1.0-1build4_arm64.deb ...
#14 13.22 Unpacking libxkbfile1:arm64 (1:1.1.0-1build4) ...
#14 13.25 Selecting previously unselected package libxtst6:arm64.
#14 13.26 Preparing to unpack .../40-libxtst6_2%3a1.2.3-1.1build1_arm64.deb ...
#14 13.26 Unpacking libxtst6:arm64 (2:1.2.3-1.1build1) ...
#14 13.29 Selecting previously unselected package libxxf86dga1:arm64.
#14 13.30 Preparing to unpack .../41-libxxf86dga1_2%3a1.1.5-1build1_arm64.deb ...
#14 13.30 Unpacking libxxf86dga1:arm64 (2:1.1.5-1build1) ...
#14 13.32 Selecting previously unselected package mesa-utils-bin:arm64.
#14 13.33 Preparing to unpack .../42-mesa-utils-bin_9.0.0-2_arm64.deb ...
#14 13.34 Unpacking mesa-utils-bin:arm64 (9.0.0-2) ...
#14 13.37 Selecting previously unselected package net-tools.
#14 13.38 Preparing to unpack .../43-net-tools_2.10-0.1ubuntu4.4_arm64.deb ...
#14 13.38 Unpacking net-tools (2.10-0.1ubuntu4.4) ...
#14 13.41 Selecting previously unselected package python3-pbr.
#14 13.42 Preparing to unpack .../44-python3-pbr_5.11.1-0ubuntu1_all.deb ...
#14 13.43 Unpacking python3-pbr (5.11.1-0ubuntu1) ...
#14 13.47 Selecting previously unselected package python3-wrapt.
#14 13.47 Preparing to unpack .../45-python3-wrapt_1.15.0-2build3_arm64.deb ...
#14 13.48 Unpacking python3-wrapt (1.15.0-2build3) ...
#14 13.50 Selecting previously unselected package python3-debtcollector.
#14 13.51 Preparing to unpack .../46-python3-debtcollector_2.5.0-3_all.deb ...
#14 13.52 Unpacking python3-debtcollector (2.5.0-3) ...
#14 13.55 Selecting previously unselected package python3-netaddr.
#14 13.55 Preparing to unpack .../47-python3-netaddr_0.8.0-2ubuntu1_all.deb ...
#14 13.56 Unpacking python3-netaddr (0.8.0-2ubuntu1) ...
#14 13.59 Selecting previously unselected package python-babel-localedata.
#14 13.60 Preparing to unpack .../48-python-babel-localedata_2.10.3-3build1_all.deb ...
#14 13.60 Unpacking python-babel-localedata (2.10.3-3build1) ...
#14 13.92 Selecting previously unselected package python3-babel.
#14 13.93 Preparing to unpack .../49-python3-babel_2.10.3-3build1_all.deb ...
#14 13.93 Unpacking python3-babel (2.10.3-3build1) ...
#14 13.97 Selecting previously unselected package python3-oslo.i18n.
#14 13.98 Preparing to unpack .../50-python3-oslo.i18n_6.3.0-0ubuntu1_all.deb ...
#14 13.98 Unpacking python3-oslo.i18n (6.3.0-0ubuntu1) ...
#14 14.02 Selecting previously unselected package python3-greenlet.
#14 14.04 Preparing to unpack .../51-python3-greenlet_3.0.3-0ubuntu5.1_arm64.deb ...
#14 14.04 Unpacking python3-greenlet (3.0.3-0ubuntu5.1) ...
#14 14.09 Selecting previously unselected package python3-dnspython.
#14 14.10 Preparing to unpack .../52-python3-dnspython_2.6.1-1ubuntu1_all.deb ...
#14 14.10 Unpacking python3-dnspython (2.6.1-1ubuntu1) ...
#14 14.17 Selecting previously unselected package python3-monotonic.
#14 14.18 Preparing to unpack .../53-python3-monotonic_1.6-2_all.deb ...
#14 14.18 Unpacking python3-monotonic (1.6-2) ...
#14 14.22 Selecting previously unselected package python3-eventlet.
#14 14.23 Preparing to unpack .../54-python3-eventlet_0.35.2-0ubuntu1.1_all.deb ...
#14 14.23 Unpacking python3-eventlet (0.35.2-0ubuntu1.1) ...
#14 14.29 Selecting previously unselected package python3-oslo.context.
#14 14.30 Preparing to unpack .../55-python3-oslo.context_1%3a5.5.0-0ubuntu1_all.deb ...
#14 14.31 Unpacking python3-oslo.context (1:5.5.0-0ubuntu1) ...
#14 14.41 Selecting previously unselected package python3-msgpack.
#14 14.42 Preparing to unpack .../56-python3-msgpack_1.0.3-3build2_arm64.deb ...
#14 14.43 Unpacking python3-msgpack (1.0.3-3build2) ...
#14 14.47 Selecting previously unselected package python3-iso8601.
#14 14.48 Preparing to unpack .../57-python3-iso8601_1.0.2-1_all.deb ...
#14 14.48 Unpacking python3-iso8601 (1.0.2-1) ...
#14 14.51 Selecting previously unselected package python3-oslo.utils.
#14 14.52 Preparing to unpack .../58-python3-oslo.utils_7.1.0-0ubuntu1_all.deb ...
#14 14.52 Unpacking python3-oslo.utils (7.1.0-0ubuntu1) ...
#14 14.56 Selecting previously unselected package python3-oslo.serialization.
#14 14.57 Preparing to unpack .../59-python3-oslo.serialization_5.4.0-0ubuntu1_all.deb ...
#14 14.57 Unpacking python3-oslo.serialization (5.4.0-0ubuntu1) ...
#14 14.60 Selecting previously unselected package python3-pyasyncore.
#14 14.61 Preparing to unpack .../60-python3-pyasyncore_1.0.2-2_all.deb ...
#14 14.61 Unpacking python3-pyasyncore (1.0.2-2) ...
#14 14.66 Selecting previously unselected package python3-pyinotify.
#14 14.66 Preparing to unpack .../61-python3-pyinotify_0.9.6-2ubuntu1_all.deb ...
#14 14.67 Unpacking python3-pyinotify (0.9.6-2ubuntu1) ...
#14 14.70 Selecting previously unselected package python3-oslo.log.
#14 14.71 Preparing to unpack .../62-python3-oslo.log_5.5.1-0ubuntu1_all.deb ...
#14 14.71 Unpacking python3-oslo.log (5.5.1-0ubuntu1) ...
#14 14.76 Selecting previously unselected package python3-certifi.
#14 14.76 Preparing to unpack .../63-python3-certifi_2023.11.17-1_all.deb ...
#14 14.77 Unpacking python3-certifi (2023.11.17-1) ...
#14 14.81 Selecting previously unselected package python3-chardet.
#14 14.82 Preparing to unpack .../64-python3-chardet_5.2.0+dfsg-1_all.deb ...
#14 14.82 Unpacking python3-chardet (5.2.0+dfsg-1) ...
#14 14.87 Selecting previously unselected package python3-idna.
#14 14.87 Preparing to unpack .../65-python3-idna_3.6-2ubuntu0.2_all.deb ...
#14 14.88 Unpacking python3-idna (3.6-2ubuntu0.2) ...
#14 14.91 Selecting previously unselected package python3-urllib3.
#14 14.92 Preparing to unpack .../66-python3-urllib3_2.0.7-1ubuntu0.7_all.deb ...
#14 14.92 Unpacking python3-urllib3 (2.0.7-1ubuntu0.7) ...
#14 14.96 Selecting previously unselected package python3-requests.
#14 14.96 Preparing to unpack .../67-python3-requests_2.31.0+dfsg-1ubuntu1.1_all.deb ...
#14 14.97 Unpacking python3-requests (2.31.0+dfsg-1ubuntu1.1) ...
#14 15.00 Selecting previously unselected package python3-rfc3986.
#14 15.01 Preparing to unpack .../68-python3-rfc3986_2.0.0-2_all.deb ...
#14 15.01 Unpacking python3-rfc3986 (2.0.0-2) ...
#14 15.04 Selecting previously unselected package python3-stevedore.
#14 15.05 Preparing to unpack .../69-python3-stevedore_1%3a5.1.0-0ubuntu1_all.deb ...
#14 15.06 Unpacking python3-stevedore (1:5.1.0-0ubuntu1) ...
#14 15.09 Selecting previously unselected package python3-oslo.config.
#14 15.10 Preparing to unpack .../70-python3-oslo.config_1%3a9.4.0-0ubuntu1_all.deb ...
#14 15.11 Unpacking python3-oslo.config (1:9.4.0-0ubuntu1) ...
#14 15.17 Selecting previously unselected package python3-novnc.
#14 15.19 Preparing to unpack .../71-python3-novnc_1%3a1.3.0-2_all.deb ...
#14 15.19 Unpacking python3-novnc (1:1.3.0-2) ...
#14 15.23 Selecting previously unselected package python3-typing-extensions.
#14 15.24 Preparing to unpack .../72-python3-typing-extensions_4.10.0-1_all.deb ...
#14 15.24 Unpacking python3-typing-extensions (4.10.0-1) ...
#14 15.29 Selecting previously unselected package python3-deprecated.
#14 15.30 Preparing to unpack .../73-python3-deprecated_1.2.14-1_all.deb ...
#14 15.30 Unpacking python3-deprecated (1.2.14-1) ...
#14 15.35 Selecting previously unselected package python3-jwcrypto.
#14 15.36 Preparing to unpack .../74-python3-jwcrypto_1.5.4-1_all.deb ...
#14 15.36 Unpacking python3-jwcrypto (1.5.4-1) ...
#14 15.41 Selecting previously unselected package python3-websockify.
#14 15.42 Preparing to unpack .../75-python3-websockify_0.10.0+dfsg1-5build2_arm64.deb ...
#14 15.43 Unpacking python3-websockify (0.10.0+dfsg1-5build2) ...
#14 15.48 Selecting previously unselected package websockify.
#14 15.49 Preparing to unpack .../76-websockify_0.10.0+dfsg1-5build2_arm64.deb ...
#14 15.49 Unpacking websockify (0.10.0+dfsg1-5build2) ...
#14 15.53 Selecting previously unselected package novnc.
#14 15.54 Preparing to unpack .../77-novnc_1%3a1.3.0-2_all.deb ...
#14 15.54 Unpacking novnc (1:1.3.0-2) ...
#14 15.60 Selecting previously unselected package openbox.
#14 15.61 Preparing to unpack .../78-openbox_3.6.1-12build5_arm64.deb ...
#14 15.61 Unpacking openbox (3.6.1-12build5) ...
#14 15.69 Selecting previously unselected package tcl8.6.
#14 15.70 Preparing to unpack .../79-tcl8.6_8.6.14+dfsg-1build1_arm64.deb ...
#14 15.71 Unpacking tcl8.6 (8.6.14+dfsg-1build1) ...
#14 15.74 Selecting previously unselected package tcl.
#14 15.75 Preparing to unpack .../80-tcl_8.6.14build1_arm64.deb ...
#14 15.75 Unpacking tcl (8.6.14build1) ...
#14 15.78 Selecting previously unselected package tk8.6.
#14 15.79 Preparing to unpack .../81-tk8.6_8.6.14-1build1_arm64.deb ...
#14 15.79 Unpacking tk8.6 (8.6.14-1build1) ...
#14 15.82 Selecting previously unselected package tk.
#14 15.83 Preparing to unpack .../82-tk_8.6.14build1_arm64.deb ...
#14 15.84 Unpacking tk (8.6.14build1) ...
#14 15.89 Selecting previously unselected package x11-utils.
#14 15.90 Preparing to unpack .../83-x11-utils_7.7+6build2_arm64.deb ...
#14 15.91 Unpacking x11-utils (7.7+6build2) ...
#14 15.95 Selecting previously unselected package x11-xkb-utils.
#14 15.96 Preparing to unpack .../84-x11-xkb-utils_7.7+8build2_arm64.deb ...
#14 15.96 Unpacking x11-xkb-utils (7.7+8build2) ...
#14 15.99 Selecting previously unselected package x11vnc.
#14 16.00 Preparing to unpack .../85-x11vnc_0.9.16-10_arm64.deb ...
#14 16.01 Unpacking x11vnc (0.9.16-10) ...
#14 16.05 Selecting previously unselected package xbitmaps.
#14 16.07 Preparing to unpack .../86-xbitmaps_1.1.1-2.2_all.deb ...
#14 16.07 Unpacking xbitmaps (1.1.1-2.2) ...
#14 16.14 Selecting previously unselected package xserver-common.
#14 16.15 Preparing to unpack .../87-xserver-common_2%3a21.1.12-1ubuntu1.8_all.deb ...
#14 16.16 Unpacking xserver-common (2:21.1.12-1ubuntu1.8) ...
#14 16.19 Selecting previously unselected package xterm.
#14 16.20 Preparing to unpack .../88-xterm_390-1ubuntu3_arm64.deb ...
#14 16.20 Unpacking xterm (390-1ubuntu3) ...
#14 16.28 Selecting previously unselected package xvfb.
#14 16.29 Preparing to unpack .../89-xvfb_2%3a21.1.12-1ubuntu1.8_arm64.deb ...
#14 16.29 Unpacking xvfb (2:21.1.12-1ubuntu1.8) ...
#14 16.34 Selecting previously unselected package mesa-utils.
#14 16.35 Preparing to unpack .../90-mesa-utils_9.0.0-2_arm64.deb ...
#14 16.35 Unpacking mesa-utils (9.0.0-2) ...
#14 16.43 Setting up tk8.6 (8.6.14-1build1) ...
#14 16.44 Setting up net-tools (2.10-0.1ubuntu4.4) ...
#14 16.45 Setting up tcl8.6 (8.6.14+dfsg-1build1) ...
#14 16.46 Setting up libxdamage1:arm64 (1:1.1.6-1build1) ...
#14 16.47 Setting up libpangoxft-1.0-0:arm64 (1.52.1+ds-1build1) ...
#14 16.48 Setting up python3-pbr (5.11.1-0ubuntu1) ...
#14 16.64 Setting up libxtst6:arm64 (2:1.2.3-1.1build1) ...
#14 16.65 Setting up libijs-0.35:arm64 (0.35-15.1build1) ...
#14 16.66 Setting up libgs-common (10.02.1~dfsg1-0ubuntu7.9) ...
#14 16.66 Setting up libxxf86dga1:arm64 (2:1.1.5-1build1) ...
#14 16.67 Setting up liblzo2-2:arm64 (2.10-2build4) ...
#14 16.68 Setting up node-cjs-module-lexer (1.2.3+dfsg-1) ...
#14 16.68 Setting up libvncserver1:arm64 (0.9.14+dfsg-1ubuntu0.2) ...
#14 16.69 Setting up python-babel-localedata (2.10.3-3build1) ...
#14 16.70 Setting up poppler-data (0.4.12-1) ...
#14 16.72 Setting up python3-monotonic (1.6-2) ...
#14 16.83 Setting up libid3tag0:arm64 (0.15.1b-14build1) ...
#14 16.84 Setting up libvncclient1:arm64 (0.9.14+dfsg-1ubuntu0.2) ...
#14 16.85 Setting up libfontenc1:arm64 (1:1.1.8-1build1) ...
#14 16.86 Setting up python3-iso8601 (1.0.2-1) ...
#14 16.97 Setting up python3-chardet (5.2.0+dfsg-1) ...
#14 17.38 Setting up mesa-utils-bin:arm64 (9.0.0-2) ...
#14 17.40 Setting up python3-certifi (2023.11.17-1) ...
#14 17.58 Setting up libjbig2dec0:arm64 (0.20-1ubuntu0.24.04.1) ...
#14 17.59 Setting up xfonts-encodings (1:1.0.5-0ubuntu2) ...
#14 17.59 Setting up python3-greenlet (3.0.3-0ubuntu5.1) ...
#14 17.75 Setting up libcares2:arm64 (1.27.0-1.0ubuntu1) ...
#14 17.76 Setting up python3-idna (3.6-2ubuntu0.2) ...
#14 17.98 Setting up libidn12:arm64 (1.42-1ubuntu0.1) ...
#14 18.00 Setting up python3-wrapt (1.15.0-2build3) ...
#14 18.15 Setting up libobt2v5:arm64 (3.6.1-12build5) ...
#14 18.16 Setting up python3-typing-extensions (4.10.0-1) ...
#14 18.30 Setting up ucf (3.0043+nmu1) ...
#14 18.38 debconf: unable to initialize frontend: Dialog
#14 18.38 debconf: (TERM is not set, so the dialog frontend is not usable.)
#14 18.38 debconf: falling back to frontend: Readline
#14 18.38 debconf: unable to initialize frontend: Readline
#14 18.38 debconf: (This frontend requires a controlling tty.)
#14 18.38 debconf: falling back to frontend: Teletype
#14 18.41 Setting up python3-urllib3 (2.0.7-1ubuntu0.7) ...
#14 18.59 Setting up python3-netifaces:arm64 (0.11.0-2build3) ...
#14 18.60 Setting up libutempter0:arm64 (1.2.1-3build1) ...
#14 18.62 Setting up python3-websockify (0.10.0+dfsg1-5build2) ...
#14 18.73 /usr/lib/python3/dist-packages/websockify/token_plugins.py:35: SyntaxWarning: invalid escape sequence '\s'
#14 18.73   tok, target = re.split(':\s', line)
#14 18.77 Setting up ieee-data (20220827.1) ...
#14 18.78 Setting up python3-dnspython (2.6.1-1ubuntu1) ...
#14 19.09 Setting up tcl (8.6.14build1) ...
#14 19.10 Setting up python3-stevedore (1:5.1.0-0ubuntu1) ...
#14 19.27 Setting up python3-msgpack (1.0.3-3build2) ...
#14 19.41 Setting up libxkbfile1:arm64 (1:1.1.0-1build4) ...
#14 19.41 Setting up python3-pyasyncore (1.0.2-2) ...
#14 19.53 Setting up node-xtend (4.0.2-3) ...
#14 19.54 Setting up tk (8.6.14build1) ...
#14 19.54 Setting up libxcomposite1:arm64 (1:0.4.5-1build3) ...
#14 19.57 Setting up libxfont2:arm64 (1:2.0.6-1+deb13u1build0.24.04.2) ...
#14 19.58 Setting up libxmuu1:arm64 (2:1.1.3-3build2) ...
#14 19.59 Setting up python3-deprecated (1.2.14-1) ...
#14 19.70 Setting up xbitmaps (1.1.1-2.2) ...
#14 19.71 Setting up libstartup-notification0:arm64 (0.12-6build3) ...
#14 19.72 Setting up node-busboy (1.6.0+~cs2.6.0-2) ...
#14 19.73 Setting up libpaper1:arm64 (1.1.29build1) ...
#14 19.77 debconf: unable to initialize frontend: Dialog
#14 19.77 debconf: (TERM is not set, so the dialog frontend is not usable.)
#14 19.77 debconf: falling back to frontend: Readline
#14 19.78 debconf: unable to initialize frontend: Readline
#14 19.78 debconf: (This frontend requires a controlling tty.)
#14 19.78 debconf: falling back to frontend: Teletype
#14 19.85 
#14 19.85 Creating config file /etc/papersize with new version
#14 19.88 Setting up python3-babel (2.10.3-3build1) ...
#14 19.89 update-alternatives: using /usr/bin/pybabel-python3 to provide /usr/bin/pybabel (pybabel) in auto mode
#14 20.03 Setting up x11-xkb-utils (7.7+8build2) ...
#14 20.04 Setting up python3-pyinotify (0.9.6-2ubuntu1) ...
#14 20.15 Setting up python3-debtcollector (2.5.0-3) ...
#14 20.28 Setting up xfonts-utils (1:7.7+6build3) ...
#14 20.30 Setting up x11vnc (0.9.16-10) ...
#14 20.31 Setting up python3-eventlet (0.35.2-0ubuntu1.1) ...
#14 20.53 Setting up python3-rfc3986 (2.0.0-2) ...
#14 20.64 Setting up mesa-utils (9.0.0-2) ...
#14 20.65 Setting up python3-requests (2.31.0+dfsg-1ubuntu1.1) ...
#14 20.79 Setting up python3-oslo.context (1:5.5.0-0ubuntu1) ...
#14 20.91 Setting up python3-jwcrypto (1.5.4-1) ...
#14 21.03 Setting up node-undici (5.26.3+dfsg1+~cs23.10.12-2) ...
#14 21.04 Setting up python3-netaddr (0.8.0-2ubuntu1) ...
#14 21.19 Setting up xauth (1:1.1.2-1build1) ...
#14 21.19 Setting up x11-utils (7.7+6build2) ...
#14 21.23 Setting up xterm (390-1ubuntu3) ...
#14 21.25 update-alternatives: using /usr/bin/xterm to provide /usr/bin/x-terminal-emulator (x-terminal-emulator) in auto mode
#14 21.25 update-alternatives: warning: skip creation of /usr/share/man/man1/x-terminal-emulator.1.gz because associated file /usr/share/man/man1/xterm.1.gz (of link group x-terminal-emulator) doesn't exist
#14 21.26 update-alternatives: using /usr/bin/lxterm to provide /usr/bin/x-terminal-emulator (x-terminal-emulator) in auto mode
#14 21.26 update-alternatives: warning: skip creation of /usr/share/man/man1/x-terminal-emulator.1.gz because associated file /usr/share/man/man1/lxterm.1.gz (of link group x-terminal-emulator) doesn't exist
#14 21.27 Setting up xserver-common (2:21.1.12-1ubuntu1.8) ...
#14 21.27 Setting up python3-oslo.i18n (6.3.0-0ubuntu1) ...
#14 21.39 Setting up xvfb (2:21.1.12-1ubuntu1.8) ...
#14 21.40 Setting up websockify (0.10.0+dfsg1-5build2) ...
#14 21.41 Setting up python3-oslo.utils (7.1.0-0ubuntu1) ...
#14 21.57 Setting up fonts-urw-base35 (20200910-8) ...
#14 21.73 Setting up libgs10-common (10.02.1~dfsg1-0ubuntu7.9) ...
#14 21.74 Setting up python3-oslo.serialization (5.4.0-0ubuntu1) ...
#14 21.99 Setting up libgs10:arm64 (10.02.1~dfsg1-0ubuntu7.9) ...
#14 22.01 Setting up libspectre1:arm64 (0.2.12-1build2) ...
#14 22.03 Setting up libimlib2t64:arm64 (1.12.1-1.1build2) ...
#14 22.05 Setting up libobrender32v5 (3.6.1-12build5) ...
#14 22.05 Setting up openbox (3.6.1-12build5) ...
#14 22.12 update-alternatives: using /usr/bin/openbox to provide /usr/bin/x-window-manager (x-window-manager) in auto mode
#14 22.12 update-alternatives: warning: skip creation of /usr/share/man/man1/x-window-manager.1.gz because associated file /usr/share/man/man1/openbox.1.gz (of link group x-window-manager) doesn't exist
#14 22.12 update-alternatives: using /usr/bin/openbox-session to provide /usr/bin/x-session-manager (x-session-manager) in auto mode
#14 22.12 update-alternatives: warning: skip creation of /usr/share/man/man1/x-session-manager.1.gz because associated file /usr/share/man/man1/openbox-session.1.gz (of link group x-session-manager) doesn't exist
#14 22.14 Setting up python3-oslo.log (5.5.1-0ubuntu1) ...
#14 22.48 Setting up python3-oslo.config (1:9.4.0-0ubuntu1) ...
#14 22.79 Setting up node-acorn (8.8.1+ds+~cs25.17.7-2) ...
#14 22.79 Setting up python3-novnc (1:1.3.0-2) ...
#14 22.90 Setting up libnode109:arm64 (18.19.1+dfsg-6ubuntu5) ...
#14 22.91 Setting up nodejs (18.19.1+dfsg-6ubuntu5) ...
#14 22.92 update-alternatives: using /usr/bin/nodejs to provide /usr/bin/js (js) in auto mode
#14 22.93 update-alternatives: warning: skip creation of /usr/share/man/man1/js.1.gz because associated file /usr/share/man/man1/nodejs.1.gz (of link group js) doesn't exist
#14 22.94 Setting up novnc (1:1.3.0-2) ...
#14 23.13 Processing triggers for fontconfig (2.15.0-1.1ubuntu2) ...
#14 23.40 Processing triggers for hicolor-icon-theme (0.17-2) ...
#14 23.42 Processing triggers for libc-bin (2.39-0ubuntu8.9) ...
#14 DONE 25.2s

#15 [desktop] exporting to image
#15 exporting layers
#15 exporting layers 9.4s done
#15 exporting manifest sha256:c0f1a16ed1ec05f5575c3aad06a4b77702ab38685fcb94ca4cdb6c9cffd39815
#15 exporting manifest sha256:c0f1a16ed1ec05f5575c3aad06a4b77702ab38685fcb94ca4cdb6c9cffd39815 0.0s done
#15 exporting config sha256:41639cd1d0b7c541709a1dc2a284b521cb7ecd44f132ff14a35b0bf693aaa5ac 0.0s done
#15 exporting attestation manifest sha256:bbb560d00473c949a549d193c661129ca02c7ab4a3b68fa3079dcd205503baf9 0.0s done
#15 exporting manifest list sha256:f28f8551397460c08b6788afe749351de00c02222945606f8d65a86180826a72 done
#15 naming to docker.io/library/hardwareless-robotics:jazzy-harmonic-desktop done
#15 unpacking to docker.io/library/hardwareless-robotics:jazzy-harmonic-desktop
#15 unpacking to docker.io/library/hardwareless-robotics:jazzy-harmonic-desktop 1.5s done
#15 DONE 11.0s

#16 [desktop] resolving provenance for metadata file
#16 DONE 0.0s
 Image hardwareless-robotics:jazzy-harmonic-desktop Built 
 Image hardwareless-robotics:jazzy-harmonic Built 
